#-----------------------------------------------------------
# Vivado v2015.1 (64-bit)
# SW Build 1215546 on Mon Apr 27 19:07:21 MDT 2015
# IP Build 1209967 on Tue Apr 21 11:39:20 MDT 2015
# Start of session at: Sun May 17 01:11:31 2015
# Process ID: 17958
# Log file: /home/surendra/git/xilinx-vivado-tutorials/Vivado_Tutorial/vivado.log
# Journal file: /home/surendra/git/xilinx-vivado-tutorials/Vivado_Tutorial/vivado.jou
#-----------------------------------------------------------
source create_bft_kintex7_batch.tcl
synth_design -top bft
write_checkpoint -force $outputDir/post_synth
report_timing_summary -file $outputDir/post_synth_timing_summary.rpt
report_power -file $outputDir/post_synth_power.rpt
report_clock_interaction -delay_type min_max -file $outputDir/post_synth_clock_interaction.rpt
report_high_fanout_nets -min_fanout 200 -max_nets 50 -file $outputDir/post_synth_high_fanout_nets.rpt
start_gui 
place_ports {wbOutputData[4]} U15
write_xdc -force /home/surendra/git/xilinx-vivado-tutorials/Vivado_Tutorial/Tutorial_Created_Data/bft_output/constrs_1.xdc -no_fixed_only
stop_gui
opt_design
place_design
phys_opt_design
write_checkpoint -force $outputDir/post_place
report_timing_summary -file $outputDir/post_place_timing_summary.rpt
route_design
write_checkpoint -force $outputDir/post_route
